// Jest Snapshot v1, https://goo.gl/fbAQLP

exports[`style-props runs without dying: runs without dying 1`] = `
"
const Box = () => {
  const boolean = false

  return <div mx={['3rem', null, '4rem']} lineHeight={boolean} />
}

      ↓ ↓ ↓ ↓ ↓ ↓

\\"use strict\\";

const Box = () => {
  const boolean = false;
  return <div mx={['3rem', null, '4rem']} lineHeight={boolean} />;
};
"
`;
